// Jest Snapshot v1, https://goo.gl/fbAQLP

exports[`<ArticleContainer /> should render one ArticlesComponent 1`] = `ShallowWrapper {}`;
